codeally@bbb79f8cfc7f:~/project$ 
codeally@bbb79f8cfc7f:~/project$ chmod +x queries.sh
codeally@bbb79f8cfc7f:~/project$ chmod +x insert_data.sh
codeally@bbb79f8cfc7f:~/project$ chmod +x queries.sh
codeally@bbb79f8cfc7f:~/project$ ./insert_data.sh
TRUNCATE TABLE
year, round, winner
2018, Final, France
2018, Third Place, Belgium
2018, Semi-Final, Croatia
2018, Semi-Final, France
2018, Quarter-Final, Croatia
2018, Quarter-Final, England
2018, Quarter-Final, Belgium
2018, Quarter-Final, France
2018, Eighth-Final, England
2018, Eighth-Final, Sweden
2018, Eighth-Final, Belgium
2018, Eighth-Final, Brazil
2018, Eighth-Final, Croatia
2018, Eighth-Final, Russia
2018, Eighth-Final, Uruguay
2018, Eighth-Final, France
2014, Final, Germany
2014, Third Place, Netherlands
2014, Semi-Final, Argentina
2014, Semi-Final, Germany
2014, Quarter-Final, Netherlands
2014, Quarter-Final, Argentina
2014, Quarter-Final, Brazil
2014, Quarter-Final, Germany
2014, Eighth-Final, Brazil
2014, Eighth-Final, Colombia
2014, Eighth-Final, France
2014, Eighth-Final, Germany
2014, Eighth-Final, Netherlands
2014, Eighth-Final, Costa Rica
2014, Eighth-Final, Argentina
2014, Eighth-Final, Belgium
codeally@bbb79f8cfc7f:~/project$ ./insert_data.sh
TRUNCATE TABLE
./insert_data.sh: line 22: syntax error in conditional expression
./insert_data.sh: line 23: syntax error near `then'
./insert_data.sh: line 23: `      then'
codeally@bbb79f8cfc7f:~/project$ ./insert_data.sh
TRUNCATE TABLE
./insert_data.sh: line 22: syntax error in conditional expression
./insert_data.sh: line 24: syntax error near `echo'
./insert_data.sh: line 24: `       echo Inserted into teams, $WINEER'
codeally@bbb79f8cfc7f:~/project$ ./insert_data.sh
TRUNCATE TABLE
Inserted one team, France
Inserted one team, Croatia
Inserted one team, Belgium
Inserted one team, England
Inserted one team, Russia
Inserted one team, Sweden
Inserted one team, Brazil
Inserted one team, Uruguay
Inserted one team, Colombia
Inserted one team, Switzerland
Inserted one team, Japan
Inserted one team, Mexico
Inserted one team, Denmark
Inserted one team, Spain
Inserted one team, Portugal
Inserted one team, Argentina
Inserted one team, Germany
Inserted one team, Netherlands
Inserted one team, Costa Rica
Inserted one team, Chile
Inserted one team, Nigeria
Inserted one team, Algeria
Inserted one team, Greece
Inserted one team, United States
codeally@bbb79f8cfc7f:~/project$ ./insert_data.sh
TRUNCATE TABLE
Inserted one team, France
Inserted one team, Croatia
Inserted one team, Belgium
Inserted one team, England
Inserted one team, Russia
Inserted one team, Sweden
Inserted one team, Brazil
Inserted one team, Uruguay
Inserted one team, Colombia
Inserted one team, Switzerland
Inserted one team, Japan
Inserted one team, Mexico
Inserted one team, Denmark
Inserted one team, Spain
Inserted one team, Portugal
Inserted one team, Argentina
Inserted one team, Germany
Inserted one team, Netherlands
Inserted one team, Costa Rica
Inserted one team, Chile
Inserted one team, Nigeria
Inserted one team, Algeria
Inserted one team, Greece
Inserted one team, United States
codeally@bbb79f8cfc7f:~/project$ ./insert_data.sh
TRUNCATE TABLE
Inserted one team, France
Inserted one team, Croatia
Inserted one team, Belgium
Inserted one team, England
Inserted one team, Russia
Inserted one team, Sweden
Inserted one team, Brazil
Inserted one team, Uruguay
Inserted one team, Colombia
Inserted one team, Switzerland
Inserted one team, Japan
Inserted one team, Mexico
Inserted one team, Denmark
Inserted one team, Spain
Inserted one team, Portugal
Inserted one team, Argentina
Inserted one team, Germany
Inserted one team, Netherlands
Inserted one team, Costa Rica
Inserted one team, Chile
Inserted one team, Nigeria
Inserted one team, Algeria
Inserted one team, Greece
Inserted one team, United States
inserted data : 2018 -- Final -- Croatia -- Score: 4 - 2
inserted data : 2018 -- Third Place -- England -- Score: 2 - 0
inserted data : 2018 -- Semi-Final -- England -- Score: 2 - 1
inserted data : 2018 -- Semi-Final -- Belgium -- Score: 1 - 0
inserted data : 2018 -- Quarter-Final -- Russia -- Score: 3 - 2
inserted data : 2018 -- Quarter-Final -- Sweden -- Score: 2 - 0
inserted data : 2018 -- Quarter-Final -- Brazil -- Score: 2 - 1
inserted data : 2018 -- Quarter-Final -- Uruguay -- Score: 2 - 0
inserted data : 2018 -- Eighth-Final -- Colombia -- Score: 2 - 1
inserted data : 2018 -- Eighth-Final -- Switzerland -- Score: 1 - 0
inserted data : 2018 -- Eighth-Final -- Japan -- Score: 3 - 2
inserted data : 2018 -- Eighth-Final -- Mexico -- Score: 2 - 0
inserted data : 2018 -- Eighth-Final -- Denmark -- Score: 2 - 1
inserted data : 2018 -- Eighth-Final -- Spain -- Score: 2 - 1
inserted data : 2018 -- Eighth-Final -- Portugal -- Score: 2 - 1
inserted data : 2018 -- Eighth-Final -- Argentina -- Score: 4 - 3
inserted data : 2014 -- Final -- Argentina -- Score: 1 - 0
inserted data : 2014 -- Third Place -- Brazil -- Score: 3 - 0
inserted data : 2014 -- Semi-Final -- Netherlands -- Score: 1 - 0
inserted data : 2014 -- Semi-Final -- Brazil -- Score: 7 - 1
inserted data : 2014 -- Quarter-Final -- Costa Rica -- Score: 1 - 0
inserted data : 2014 -- Quarter-Final -- Belgium -- Score: 1 - 0
inserted data : 2014 -- Quarter-Final -- Colombia -- Score: 2 - 1
inserted data : 2014 -- Quarter-Final -- France -- Score: 1 - 0
inserted data : 2014 -- Eighth-Final -- Chile -- Score: 2 - 1
inserted data : 2014 -- Eighth-Final -- Uruguay -- Score: 2 - 0
inserted data : 2014 -- Eighth-Final -- Nigeria -- Score: 2 - 0
inserted data : 2014 -- Eighth-Final -- Algeria -- Score: 2 - 1
inserted data : 2014 -- Eighth-Final -- Mexico -- Score: 2 - 1
inserted data : 2014 -- Eighth-Final -- Greece -- Score: 2 - 1
inserted data : 2014 -- Eighth-Final -- Switzerland -- Score: 1 - 0
inserted data : 2014 -- Eighth-Final -- United States -- Score: 2 - 1
codeally@bbb79f8cfc7f:~/project$ man test
codeally@bbb79f8cfc7f:~/project$ ./insert_data.sh
TRUNCATE TABLE
Inserted one team, France
Inserted one team, Croatia
Inserted one team, Belgium
Inserted one team, England
Inserted one team, Russia
Inserted one team, Sweden
Inserted one team, Brazil
Inserted one team, Uruguay
Inserted one team, Colombia
Inserted one team, Switzerland
Inserted one team, Japan
Inserted one team, Mexico
Inserted one team, Denmark
Inserted one team, Spain
Inserted one team, Portugal
Inserted one team, Argentina
Inserted one team, Germany
Inserted one team, Netherlands
Inserted one team, Costa Rica
Inserted one team, Chile
Inserted one team, Nigeria
Inserted one team, Algeria
Inserted one team, Greece
Inserted one team, United States
inserted data : 2018 -- Final -- Croatia -- Score: 4 - 2
inserted data : 2018 -- Third Place -- England -- Score: 2 - 0
inserted data : 2018 -- Semi-Final -- England -- Score: 2 - 1
inserted data : 2018 -- Semi-Final -- Belgium -- Score: 1 - 0
inserted data : 2018 -- Quarter-Final -- Russia -- Score: 3 - 2
inserted data : 2018 -- Quarter-Final -- Sweden -- Score: 2 - 0
inserted data : 2018 -- Quarter-Final -- Brazil -- Score: 2 - 1
inserted data : 2018 -- Quarter-Final -- Uruguay -- Score: 2 - 0
inserted data : 2018 -- Eighth-Final -- Colombia -- Score: 2 - 1
inserted data : 2018 -- Eighth-Final -- Switzerland -- Score: 1 - 0
inserted data : 2018 -- Eighth-Final -- Japan -- Score: 3 - 2
inserted data : 2018 -- Eighth-Final -- Mexico -- Score: 2 - 0
inserted data : 2018 -- Eighth-Final -- Denmark -- Score: 2 - 1
inserted data : 2018 -- Eighth-Final -- Spain -- Score: 2 - 1
inserted data : 2018 -- Eighth-Final -- Portugal -- Score: 2 - 1
inserted data : 2018 -- Eighth-Final -- Argentina -- Score: 4 - 3
inserted data : 2014 -- Final -- Argentina -- Score: 1 - 0
inserted data : 2014 -- Third Place -- Brazil -- Score: 3 - 0
inserted data : 2014 -- Semi-Final -- Netherlands -- Score: 1 - 0
inserted data : 2014 -- Semi-Final -- Brazil -- Score: 7 - 1
inserted data : 2014 -- Quarter-Final -- Costa Rica -- Score: 1 - 0
inserted data : 2014 -- Quarter-Final -- Belgium -- Score: 1 - 0
inserted data : 2014 -- Quarter-Final -- Colombia -- Score: 2 - 1
inserted data : 2014 -- Quarter-Final -- France -- Score: 1 - 0
inserted data : 2014 -- Eighth-Final -- Chile -- Score: 2 - 1
inserted data : 2014 -- Eighth-Final -- Uruguay -- Score: 2 - 0
inserted data : 2014 -- Eighth-Final -- Nigeria -- Score: 2 - 0
inserted data : 2014 -- Eighth-Final -- Algeria -- Score: 2 - 1
inserted data : 2014 -- Eighth-Final -- Mexico -- Score: 2 - 1
inserted data : 2014 -- Eighth-Final -- Greece -- Score: 2 - 1
inserted data : 2014 -- Eighth-Final -- Switzerland -- Score: 1 - 0
inserted data : 2014 -- Eighth-Final -- United States -- Score: 2 - 1
codeally@bbb79f8cfc7f:~/project$ ./queries.sh

Total number of goals in all games from winning teams:
68

Total number of goals in all games from both teams combined:
90

Average number of goals in all games from the winning teams:


Average number of goals in all games from the winning teams rounded to two decimal places:


Average number of goals in all games from both teams:


Most goals scored in a single game by one team:


Number of games where the winning team scored more than two goals:


Winner of the 2018 tournament team name:


List of teams who played in the 2014 'Eighth-Final' round:


List of unique winning team names in the whole data set:


Year and team name of all the champions:


List of teams that start with 'Co':

codeally@bbb79f8cfc7f:~/project$ ./queries.sh

Total number of goals in all games from winning teams:
68

Total number of goals in all games from both teams combined:
90

Average number of goals in all games from the winning teams:
2.1250000000000000

Average number of goals in all games from the winning teams rounded to two decimal places:


Average number of goals in all games from both teams:


Most goals scored in a single game by one team:


Number of games where the winning team scored more than two goals:


Winner of the 2018 tournament team name:


List of teams who played in the 2014 'Eighth-Final' round:


List of unique winning team names in the whole data set:


Year and team name of all the champions:


List of teams that start with 'Co':

codeally@bbb79f8cfc7f:~/project$ ./queries.sh

Total number of goals in all games from winning teams:
68

Total number of goals in all games from both teams combined:
90

Average number of goals in all games from the winning teams:
2.1250000000000000

Average number of goals in all games from the winning teams rounded to two decimal places:
2.13

Average number of goals in all games from both teams:


Most goals scored in a single game by one team:


Number of games where the winning team scored more than two goals:


Winner of the 2018 tournament team name:


List of teams who played in the 2014 'Eighth-Final' round:


List of unique winning team names in the whole data set:


Year and team name of all the champions:


List of teams that start with 'Co':

codeally@bbb79f8cfc7f:~/project$ ./insert_data.sh
TRUNCATE TABLE
Inserted one team, France
Inserted one team, Croatia
Inserted one team, Belgium
Inserted one team, England
Inserted one team, Russia
Inserted one team, Sweden
Inserted one team, Brazil
Inserted one team, Uruguay
Inserted one team, Colombia
Inserted one team, Switzerland
Inserted one team, Japan
Inserted one team, Mexico
Inserted one team, Denmark
Inserted one team, Spain
Inserted one team, Portugal
Inserted one team, Argentina
Inserted one team, Germany
Inserted one team, Netherlands
Inserted one team, Costa Rica
Inserted one team, Chile
Inserted one team, Nigeria
Inserted one team, Algeria
Inserted one team, Greece
Inserted one team, United States
inserted data : 2018 -- Final -- Croatia -- Score: 4 - 2
inserted data : 2018 -- Third Place -- England -- Score: 2 - 0
inserted data : 2018 -- Semi-Final -- England -- Score: 2 - 1
inserted data : 2018 -- Semi-Final -- Belgium -- Score: 1 - 0
inserted data : 2018 -- Quarter-Final -- Russia -- Score: 3 - 2
inserted data : 2018 -- Quarter-Final -- Sweden -- Score: 2 - 0
inserted data : 2018 -- Quarter-Final -- Brazil -- Score: 2 - 1
inserted data : 2018 -- Quarter-Final -- Uruguay -- Score: 2 - 0
inserted data : 2018 -- Eighth-Final -- Colombia -- Score: 2 - 1
inserted data : 2018 -- Eighth-Final -- Switzerland -- Score: 1 - 0
inserted data : 2018 -- Eighth-Final -- Japan -- Score: 3 - 2
inserted data : 2018 -- Eighth-Final -- Mexico -- Score: 2 - 0
inserted data : 2018 -- Eighth-Final -- Denmark -- Score: 2 - 1
inserted data : 2018 -- Eighth-Final -- Spain -- Score: 2 - 1
inserted data : 2018 -- Eighth-Final -- Portugal -- Score: 2 - 1
inserted data : 2018 -- Eighth-Final -- Argentina -- Score: 4 - 3
inserted data : 2014 -- Final -- Argentina -- Score: 1 - 0
inserted data : 2014 -- Third Place -- Brazil -- Score: 3 - 0
inserted data : 2014 -- Semi-Final -- Netherlands -- Score: 1 - 0
inserted data : 2014 -- Semi-Final -- Brazil -- Score: 7 - 1
inserted data : 2014 -- Quarter-Final -- Costa Rica -- Score: 1 - 0
inserted data : 2014 -- Quarter-Final -- Belgium -- Score: 1 - 0
inserted data : 2014 -- Quarter-Final -- Colombia -- Score: 2 - 1
inserted data : 2014 -- Quarter-Final -- France -- Score: 1 - 0
inserted data : 2014 -- Eighth-Final -- Chile -- Score: 2 - 1
inserted data : 2014 -- Eighth-Final -- Uruguay -- Score: 2 - 0
inserted data : 2014 -- Eighth-Final -- Nigeria -- Score: 2 - 0
inserted data : 2014 -- Eighth-Final -- Algeria -- Score: 2 - 1
inserted data : 2014 -- Eighth-Final -- Mexico -- Score: 2 - 1
inserted data : 2014 -- Eighth-Final -- Greece -- Score: 2 - 1
inserted data : 2014 -- Eighth-Final -- Switzerland -- Score: 1 - 0
inserted data : 2014 -- Eighth-Final -- United States -- Score: 2 - 1
codeally@bbb79f8cfc7f:~/project$ ./queries.sh

Total number of goals in all games from winning teams:
68

Total number of goals in all games from both teams combined:
90

Average number of goals in all games from the winning teams:
2.1250000000000000

Average number of goals in all games from the winning teams rounded to two decimal places:
2.13

Average number of goals in all games from both teams:
2.8125000000000000

Most goals scored in a single game by one team:


Number of games where the winning team scored more than two goals:


Winner of the 2018 tournament team name:


List of teams who played in the 2014 'Eighth-Final' round:


List of unique winning team names in the whole data set:


Year and team name of all the champions:


List of teams that start with 'Co':

codeally@bbb79f8cfc7f:~/project$ ./queries.sh

Total number of goals in all games from winning teams:
68

Total number of goals in all games from both teams combined:
90

Average number of goals in all games from the winning teams:
2.1250000000000000

Average number of goals in all games from the winning teams rounded to two decimal places:
2.13

Average number of goals in all games from both teams:
2.8125000000000000

Most goals scored in a single game by one team:
7

Number of games where the winning team scored more than two goals:


Winner of the 2018 tournament team name:


List of teams who played in the 2014 'Eighth-Final' round:


List of unique winning team names in the whole data set:


Year and team name of all the champions:


List of teams that start with 'Co':

codeally@bbb79f8cfc7f:~/project$ ./queries.sh

Total number of goals in all games from winning teams:
68

Total number of goals in all games from both teams combined:
90

Average number of goals in all games from the winning teams:
2.1250000000000000

Average number of goals in all games from the winning teams rounded to two decimal places:
2.13

Average number of goals in all games from both teams:
2.8125000000000000

Most goals scored in a single game by one team:
7

Number of games where the winning team scored more than two goals:
6

Winner of the 2018 tournament team name:
France

List of teams who played in the 2014 'Eighth-Final' round:


List of unique winning team names in the whole data set:


Year and team name of all the champions:


List of teams that start with 'Co':

codeally@bbb79f8cfc7f:~/project$ ./queries.sh

Total number of goals in all games from winning teams:
68

Total number of goals in all games from both teams combined:
90

Average number of goals in all games from the winning teams:
2.1250000000000000

Average number of goals in all games from the winning teams rounded to two decimal places:
2.13

Average number of goals in all games from both teams:
2.8125000000000000

Most goals scored in a single game by one team:
7

Number of games where the winning team scored more than two goals:
6

Winner of the 2018 tournament team name:
France

List of teams who played in the 2014 'Eighth-Final' round:
Algeria
Argentina
Belgium
Brazil
Chile
Colombia
Costa Rica
France
Germany
Greece
Mexico
Netherlands
Nigeria
Switzerland
United States
Uruguay

List of unique winning team names in the whole data set:
Argentina
Belgium
Brazil
Colombia
Costa Rica
Croatia
England
France
Germany
Netherlands
Russia
Sweden
Uruguay

Year and team name of all the champions:


List of teams that start with 'Co':

codeally@bbb79f8cfc7f:~/project$ ./queries.sh

Total number of goals in all games from winning teams:
68

Total number of goals in all games from both teams combined:
90

Average number of goals in all games from the winning teams:
2.1250000000000000

Average number of goals in all games from the winning teams rounded to two decimal places:
2.13

Average number of goals in all games from both teams:
2.8125000000000000

Most goals scored in a single game by one team:
7

Number of games where the winning team scored more than two goals:
6

Winner of the 2018 tournament team name:
France

List of teams who played in the 2014 'Eighth-Final' round:
Algeria
Argentina
Belgium
Brazil
Chile
Colombia
Costa Rica
France
Germany
Greece
Mexico
Netherlands
Nigeria
Switzerland
United States
Uruguay

List of unique winning team names in the whole data set:
Argentina
Belgium
Brazil
Colombia
Costa Rica
Croatia
England
France
Germany
Netherlands
Russia
Sweden
Uruguay

Year and team name of all the champions:
2014|Germany
2018|France

List of teams that start with 'Co':

codeally@bbb79f8cfc7f:~/project$ ./queries.sh

Total number of goals in all games from winning teams:
68

Total number of goals in all games from both teams combined:
90

Average number of goals in all games from the winning teams:
2.1250000000000000

Average number of goals in all games from the winning teams rounded to two decimal places:
2.13

Average number of goals in all games from both teams:
2.8125000000000000

Most goals scored in a single game by one team:
7

Number of games where the winning team scored more than two goals:
6

Winner of the 2018 tournament team name:
France

List of teams who played in the 2014 'Eighth-Final' round:
Algeria
Argentina
Belgium
Brazil
Chile
Colombia
Costa Rica
France
Germany
Greece
Mexico
Netherlands
Nigeria
Switzerland
United States
Uruguay

List of unique winning team names in the whole data set:
Argentina
Belgium
Brazil
Colombia
Costa Rica
Croatia
England
France
Germany
Netherlands
Russia
Sweden
Uruguay

Year and team name of all the champions:
2014|Germany
2018|France

List of teams that start with 'Co':
Colombia
Costa Rica
codeally@bbb79f8cfc7f:~/project$ ./insert_data.sh
TRUNCATE TABLE
Inserted one team, France
Inserted one team, Croatia
Inserted one team, Belgium
Inserted one team, England
Inserted one team, Russia
Inserted one team, Sweden
Inserted one team, Brazil
Inserted one team, Uruguay
Inserted one team, Colombia
Inserted one team, Switzerland
Inserted one team, Japan
Inserted one team, Mexico
Inserted one team, Denmark
Inserted one team, Spain
Inserted one team, Portugal
Inserted one team, Argentina
Inserted one team, Germany
Inserted one team, Netherlands
Inserted one team, Costa Rica
Inserted one team, Chile
Inserted one team, Nigeria
Inserted one team, Algeria
Inserted one team, Greece
Inserted one team, United States
inserted data : 2018 -- Final -- Croatia -- Score: 4 - 2
inserted data : 2018 -- Third Place -- England -- Score: 2 - 0
inserted data : 2018 -- Semi-Final -- England -- Score: 2 - 1
inserted data : 2018 -- Semi-Final -- Belgium -- Score: 1 - 0
inserted data : 2018 -- Quarter-Final -- Russia -- Score: 3 - 2
inserted data : 2018 -- Quarter-Final -- Sweden -- Score: 2 - 0
inserted data : 2018 -- Quarter-Final -- Brazil -- Score: 2 - 1
inserted data : 2018 -- Quarter-Final -- Uruguay -- Score: 2 - 0
inserted data : 2018 -- Eighth-Final -- Colombia -- Score: 2 - 1
inserted data : 2018 -- Eighth-Final -- Switzerland -- Score: 1 - 0
inserted data : 2018 -- Eighth-Final -- Japan -- Score: 3 - 2
inserted data : 2018 -- Eighth-Final -- Mexico -- Score: 2 - 0
inserted data : 2018 -- Eighth-Final -- Denmark -- Score: 2 - 1
inserted data : 2018 -- Eighth-Final -- Spain -- Score: 2 - 1
inserted data : 2018 -- Eighth-Final -- Portugal -- Score: 2 - 1
inserted data : 2018 -- Eighth-Final -- Argentina -- Score: 4 - 3
inserted data : 2014 -- Final -- Argentina -- Score: 1 - 0
inserted data : 2014 -- Third Place -- Brazil -- Score: 3 - 0
inserted data : 2014 -- Semi-Final -- Netherlands -- Score: 1 - 0
inserted data : 2014 -- Semi-Final -- Brazil -- Score: 7 - 1
inserted data : 2014 -- Quarter-Final -- Costa Rica -- Score: 1 - 0
inserted data : 2014 -- Quarter-Final -- Belgium -- Score: 1 - 0
inserted data : 2014 -- Quarter-Final -- Colombia -- Score: 2 - 1
inserted data : 2014 -- Quarter-Final -- France -- Score: 1 - 0
inserted data : 2014 -- Eighth-Final -- Chile -- Score: 2 - 1
inserted data : 2014 -- Eighth-Final -- Uruguay -- Score: 2 - 0
inserted data : 2014 -- Eighth-Final -- Nigeria -- Score: 2 - 0
inserted data : 2014 -- Eighth-Final -- Algeria -- Score: 2 - 1
inserted data : 2014 -- Eighth-Final -- Mexico -- Score: 2 - 1
inserted data : 2014 -- Eighth-Final -- Greece -- Score: 2 - 1
inserted data : 2014 -- Eighth-Final -- Switzerland -- Score: 1 - 0
inserted data : 2014 -- Eighth-Final -- United States -- Score: 2 - 1
codeally@bbb79f8cfc7f:~/project$ 
